Mar 04 14:23:39 pi systemd[1]: sensor_service.service: Failed with result 'resources'.
Mar 04 14:23:39 pi systemd[1]: Failed to start sensor_service.service - Campus Compass Pi Sensor Service.
Mar 04 14:23:44 pi systemd[1]: sensor_service.service: Scheduled restart job, restart counter is at 49.
Mar 04 14:23:44 pi systemd[1]: Stopped sensor_service.service - Campus Compass Pi Sensor Service.
Mar 04 14:23:44 pi systemd[1]: sensor_service.service: Failed to load environment files: No such file or directory
Mar 04 14:23:44 pi systemd[1]: sensor_service.service: Failed to run 'start' task: No such file or directory
Mar 04 14:23:44 pi systemd[1]: sensor_service.service: Failed with result 'resources'.
Mar 04 14:23:44 pi systemd[1]: Failed to start sensor_service.service - Campus Compass Pi Sensor Service.
Mar 04 14:23:49 pi systemd[1]: sensor_service.service: Scheduled restart job, restart counter is at 50.
Mar 04 14:23:49 pi systemd[1]: Stopped sensor_service.service - Campus Compass Pi Sensor Service.
Mar 04 14:23:49 pi systemd[1]: sensor_service.service: Failed to load environment files: No such file or directory
Mar 04 14:23:49 pi systemd[1]: sensor_service.service: Failed to run 'start' task: No such file or directory
Mar 04 14:23:49 pi systemd[1]: sensor_service.service: Failed with result 'resources'.
Mar 04 14:23:49 pi systemd[1]: Failed to start sensor_service.service - Campus Compass Pi Sensor Service.
Mar 04 14:23:55 pi systemd[1]: sensor_service.service: Scheduled restart job, restart counter is at 51.
Mar 04 14:23:55 pi systemd[1]: Stopped sensor_service.service - Campus Compass Pi Sensor Service.
Mar 04 14:23:55 pi systemd[1]: sensor_service.service: Failed to load environment files: No such file or directory
Mar 04 14:23:55 pi systemd[1]: sensor_service.service: Failed to run 'start' task: No such file or directory
Mar 04 14:23:55 pi systemd[1]: sensor_service.service: Failed with result 'resources'.
Mar 04 14:23:55 pi systemd[1]: Failed to start sensor_service.service - Campus Compass Pi Sensor Service.
Mar 04 14:24:00 pi systemd[1]: sensor_service.service: Scheduled restart job, restart counter is at 52.
Mar 04 14:24:00 pi systemd[1]: Stopped sensor_service.service - Campus Compass Pi Sensor Service.
Mar 04 14:24:00 pi systemd[1]: sensor_service.service: Failed to load environment files: No such file or directory
Mar 04 14:24:00 pi systemd[1]: sensor_service.service: Failed to run 'start' task: No such file or directory
Mar 04 14:24:00 pi systemd[1]: sensor_service.service: Failed with result 'resources'.
Mar 04 14:24:00 pi systemd[1]: Failed to start sensor_service.service - Campus Compass Pi Sensor Service.
Mar 04 14:24:05 pi systemd[1]: sensor_service.service: Scheduled restart job, restart counter is at 53.
Mar 04 14:24:05 pi systemd[1]: Stopped sensor_service.service - Campus Compass Pi Sensor Service.
Mar 04 14:24:05 pi systemd[1]: sensor_service.service: Failed to load environment files: No such file or directory
Mar 04 14:24:05 pi systemd[1]: sensor_service.service: Failed to run 'start' task: No such file or directory
Mar 04 14:24:05 pi systemd[1]: sensor_service.service: Failed with result 'resources'.
Mar 04 14:24:05 pi systemd[1]: Failed to start sensor_service.service - Campus Compass Pi Sensor Service.
Mar 04 14:24:10 pi systemd[1]: sensor_service.service: Scheduled restart job, restart counter is at 54.
Mar 04 14:24:10 pi systemd[1]: Stopped sensor_service.service - Campus Compass Pi Sensor Service.
Mar 04 14:24:10 pi systemd[1]: sensor_service.service: Failed to load environment files: No such file or directory
Mar 04 14:24:10 pi systemd[1]: sensor_service.service: Failed to run 'start' task: No such file or directory
Mar 04 14:24:10 pi systemd[1]: sensor_service.service: Failed with result 'resources'.
Mar 04 14:24:10 pi systemd[1]: Failed to start sensor_service.service - Campus Compass Pi Sensor Service.
Mar 04 14:24:16 pi systemd[1]: sensor_service.service: Scheduled restart job, restart counter is at 55.
Mar 04 14:24:16 pi systemd[1]: Stopped sensor_service.service - Campus Compass Pi Sensor Service.
Mar 04 14:24:16 pi systemd[1]: sensor_service.service: Failed to load environment files: No such file or directory
Mar 04 14:24:16 pi systemd[1]: sensor_service.service: Failed to run 'start' task: No such file or directory
Mar 04 14:24:16 pi systemd[1]: sensor_service.service: Failed with result 'resources'.
Mar 04 14:24:16 pi systemd[1]: Failed to start sensor_service.service - Campus Compass Pi Sensor Service.
Mar 04 14:24:21 pi systemd[1]: sensor_service.service: Scheduled restart job, restart counter is at 56.
Mar 04 14:24:21 pi systemd[1]: Stopped sensor_service.service - Campus Compass Pi Sensor Service.
Mar 04 14:24:21 pi systemd[1]: sensor_service.service: Failed to load environment files: No such file or directory
Mar 04 14:24:21 pi systemd[1]: sensor_service.service: Failed to run 'start' task: No such file or directory
Mar 04 14:24:21 pi systemd[1]: sensor_service.service: Failed with result 'resources'.
Mar 04 14:24:21 pi systemd[1]: Failed to start sensor_service.service - Campus Compass Pi Sensor Service.
