Mar 04 14:44:03 pi systemd[1]: sensor_service.service: Failed with result 'exit-code'.
Mar 04 14:44:08 pi systemd[1]: sensor_service.service: Scheduled restart job, restart counter is at 282.
Mar 04 14:44:08 pi systemd[1]: Stopped sensor_service.service - Campus Compass Pi Sensor Service.
Mar 04 14:44:08 pi (python3)[2898]: sensor_service.service: Failed to determine user credentials: No such process
Mar 04 14:44:08 pi (python3)[2898]: sensor_service.service: Failed at step USER spawning /home/pi1/campus-compass/backend/pi/venv/bin/python3: No such process
Mar 04 14:44:08 pi systemd[1]: Started sensor_service.service - Campus Compass Pi Sensor Service.
Mar 04 14:44:08 pi systemd[1]: sensor_service.service: Main process exited, code=exited, status=217/USER
Mar 04 14:44:08 pi systemd[1]: sensor_service.service: Failed with result 'exit-code'.
Mar 04 14:44:13 pi systemd[1]: sensor_service.service: Scheduled restart job, restart counter is at 283.
Mar 04 14:44:13 pi systemd[1]: Stopped sensor_service.service - Campus Compass Pi Sensor Service.
Mar 04 14:44:13 pi (python3)[2900]: sensor_service.service: Failed to determine user credentials: No such process
Mar 04 14:44:13 pi (python3)[2900]: sensor_service.service: Failed at step USER spawning /home/pi1/campus-compass/backend/pi/venv/bin/python3: No such process
Mar 04 14:44:13 pi systemd[1]: Started sensor_service.service - Campus Compass Pi Sensor Service.
Mar 04 14:44:13 pi systemd[1]: sensor_service.service: Main process exited, code=exited, status=217/USER
Mar 04 14:44:13 pi systemd[1]: sensor_service.service: Failed with result 'exit-code'.
Mar 04 14:44:18 pi systemd[1]: sensor_service.service: Scheduled restart job, restart counter is at 284.
Mar 04 14:44:18 pi systemd[1]: Stopped sensor_service.service - Campus Compass Pi Sensor Service.
Mar 04 14:44:18 pi (python3)[2902]: sensor_service.service: Failed to determine user credentials: No such process
Mar 04 14:44:18 pi (python3)[2902]: sensor_service.service: Failed at step USER spawning /home/pi1/campus-compass/backend/pi/venv/bin/python3: No such process
Mar 04 14:44:18 pi systemd[1]: Started sensor_service.service - Campus Compass Pi Sensor Service.
Mar 04 14:44:18 pi systemd[1]: sensor_service.service: Main process exited, code=exited, status=217/USER
Mar 04 14:44:18 pi systemd[1]: sensor_service.service: Failed with result 'exit-code'.
Mar 04 14:44:24 pi systemd[1]: sensor_service.service: Scheduled restart job, restart counter is at 285.
Mar 04 14:44:24 pi systemd[1]: Stopped sensor_service.service - Campus Compass Pi Sensor Service.
Mar 04 14:44:24 pi (python3)[2904]: sensor_service.service: Failed to determine user credentials: No such process
Mar 04 14:44:24 pi (python3)[2904]: sensor_service.service: Failed at step USER spawning /home/pi1/campus-compass/backend/pi/venv/bin/python3: No such process
Mar 04 14:44:24 pi systemd[1]: Started sensor_service.service - Campus Compass Pi Sensor Service.
Mar 04 14:44:24 pi systemd[1]: sensor_service.service: Main process exited, code=exited, status=217/USER
Mar 04 14:44:24 pi systemd[1]: sensor_service.service: Failed with result 'exit-code'.
Mar 04 14:44:29 pi systemd[1]: sensor_service.service: Scheduled restart job, restart counter is at 286.
Mar 04 14:44:29 pi systemd[1]: Stopped sensor_service.service - Campus Compass Pi Sensor Service.
Mar 04 14:44:29 pi (python3)[2906]: sensor_service.service: Failed to determine user credentials: No such process
Mar 04 14:44:29 pi (python3)[2906]: sensor_service.service: Failed at step USER spawning /home/pi1/campus-compass/backend/pi/venv/bin/python3: No such process
Mar 04 14:44:29 pi systemd[1]: Started sensor_service.service - Campus Compass Pi Sensor Service.
Mar 04 14:44:29 pi systemd[1]: sensor_service.service: Main process exited, code=exited, status=217/USER
Mar 04 14:44:29 pi systemd[1]: sensor_service.service: Failed with result 'exit-code'.
Mar 04 14:44:34 pi systemd[1]: sensor_service.service: Scheduled restart job, restart counter is at 287.
Mar 04 14:44:34 pi systemd[1]: Stopped sensor_service.service - Campus Compass Pi Sensor Service.
Mar 04 14:44:34 pi (python3)[2908]: sensor_service.service: Failed to determine user credentials: No such process
Mar 04 14:44:34 pi (python3)[2908]: sensor_service.service: Failed at step USER spawning /home/pi1/campus-compass/backend/pi/venv/bin/python3: No such process
Mar 04 14:44:34 pi systemd[1]: Started sensor_service.service - Campus Compass Pi Sensor Service.
Mar 04 14:44:34 pi systemd[1]: sensor_service.service: Main process exited, code=exited, status=217/USER
Mar 04 14:44:34 pi systemd[1]: sensor_service.service: Failed with result 'exit-code'.
Mar 04 14:44:39 pi systemd[1]: sensor_service.service: Scheduled restart job, restart counter is at 288.
Mar 04 14:44:40 pi systemd[1]: Stopped sensor_service.service - Campus Compass Pi Sensor Service.
Mar 04 14:44:40 pi (python3)[2910]: sensor_service.service: Failed to determine user credentials: No such process
Mar 04 14:44:40 pi (python3)[2910]: sensor_service.service: Failed at step USER spawning /home/pi1/campus-compass/backend/pi/venv/bin/python3: No such process
Mar 04 14:44:40 pi systemd[1]: Started sensor_service.service - Campus Compass Pi Sensor Service.
Mar 04 14:44:40 pi systemd[1]: sensor_service.service: Main process exited, code=exited, status=217/USER
Mar 04 14:44:40 pi systemd[1]: sensor_service.service: Failed with result 'exit-code'.
